// Jest Snapshot v1, https://goo.gl/fbAQLP

exports[`ButtonPrimary to match snapshot 1`] = `
<View
  accessibilityState={
    {
      "busy": undefined,
      "checked": undefined,
      "disabled": undefined,
      "expanded": undefined,
      "selected": undefined,
    }
  }
  accessibilityValue={
    {
      "max": undefined,
      "min": undefined,
      "now": undefined,
      "text": undefined,
    }
  }
  accessible={true}
  collapsable={false}
  focusable={false}
  onClick={[Function]}
  onResponderGrant={[Function]}
  onResponderMove={[Function]}
  onResponderRelease={[Function]}
  onResponderTerminate={[Function]}
  onResponderTerminationRequest={[Function]}
  onStartShouldSetResponder={[Function]}
  style={
    {
      "alignItems": "center",
      "backgroundColor": "#c25dd7",
      "borderBottomLeftRadius": 12,
      "borderBottomRightRadius": 12,
      "borderTopLeftRadius": 12,
      "borderTopRightRadius": 12,
      "display": "flex",
      "justifyContent": "center",
      "marginBottom": 4,
      "marginLeft": 4,
      "marginRight": 4,
      "marginTop": 4,
      "opacity": 1,
      "paddingBottom": 8,
      "paddingLeft": 16,
      "paddingRight": 16,
      "paddingTop": 8,
      "width": 128,
    }
  }
  testID="button-primary"
>
  <Text
    style={
      [
        {
          "color": "#fff",
        },
      ]
    }
  >
    button
  </Text>
</View>
`;
